
╔════════════════════════════════════════════════════════════════╗
║     GRAVITY JOB ASSISTANCE PLATFORM - TEST RESULTS REPORT      ║
╚════════════════════════════════════════════════════════════════╝

📊 SUMMARY
──────────────────────────────────────────────────────────────────
Total Candidates: 3
Test Date: 4/1/2026, 4:38:13 PM
Database: Firebase Firestore (gravi-multiple)
Status: ✓ SUCCESS

📋 CANDIDATE DETAILS
──────────────────────────────────────────────────────────────────

1. Rajesh Kumar
   ├─ Email: rajesh@gravity.com
   ├─ Phone: 9876543210
   ├─ Position: Senior Developer
   ├─ Status: confirmed
   ├─ Payment: success
   ├─ Father: Suresh Kumar
   ├─ DOB: 1995-05-15
   ├─ Qualification: Bachelor's Degree
   ├─ Experience: 1-3 years
   ├─ Current Address: 123 Main Street, Mumbai, Maharashtra 400001
   ├─ Permanent Address: 456 Park Road, Pune, Maharashtra 411001
   ├─ PAN: ABCDE1234F
   ├─ Aadhar: 123456789012
   └─ Created: 4/1/2026, 4:38:13 PM

2. Priya Singh
   ├─ Email: priya@gravity.com
   ├─ Phone: 9876543211
   ├─ Position: Data Science Manager
   ├─ Status: placed
   ├─ Payment: success
   ├─ Father: Vikram Singh
   ├─ DOB: 1996-08-22
   ├─ Qualification: Master's Degree
   ├─ Experience: 3-5 years
   ├─ Current Address: 789 Park Avenue, Bangalore, Karnataka 560001
   ├─ Permanent Address: 321 Garden Lane, Hyderabad, Telangana 500001
   ├─ PAN: BCDEF2345G
   ├─ Aadhar: 234567890123
   └─ Created: 3/30/2026, 4:38:13 PM

3. Amit Patel
   ├─ Email: amit@gravity.com
   ├─ Phone: 9876543212
   ├─ Position: Full Stack Developer
   ├─ Status: registered
   ├─ Payment: success
   ├─ Father: Ramesh Patel
   ├─ DOB: 1994-03-10
   ├─ Qualification: Bachelor's Degree
   ├─ Experience: 0-1 years
   ├─ Current Address: 555 Business Park, Delhi, Delhi 110001
   ├─ Permanent Address: 777 Residential Area, Jaipur, Rajasthan 302001
   ├─ PAN: CDEFG3456H
   ├─ Aadhar: 345678901234
   └─ Created: 3/27/2026, 4:38:13 PM

──────────────────────────────────────────────────────────────────
✓ All data successfully prepared for database storage
✓ Test completed successfully
✓ Data saved to multiple formats (JSON, CSV, HTML, TXT, JSONL)

NEXT STEPS:
1. Start the application: npm run dev:all
2. Go to Admin Dashboard: http://localhost:3000
3. Click "🌱 Add Demo Data" to seed database
4. Complete a registration to test full flow
5. Verify data in admin dashboard

Generated: 4/1/2026, 4:38:13 PM
